sridhar@sridhar-VirtualBox:~/Desktop/scripts$ cut --help
Usage: cut OPTION... [FILE]...
Print selected parts of lines from each FILE to standard output.

With no FILE, or when FILE is -, read standard input.

Mandatory arguments to long options are mandatory for short options too.
  -b, --bytes=LIST        select only these bytes
  -c, --characters=LIST   select only these characters
  -d, --delimiter=DELIM   use DELIM instead of TAB for field delimiter
  -f, --fields=LIST       select only these fields;  also print any line
                            that contains no delimiter character, unless
                            the -s option is specified
  -n                      (ignored)
      --complement        complement the set of selected bytes, characters
                            or fields
  -s, --only-delimited    do not print lines not containing delimiters
      --output-delimiter=STRING  use STRING as the output delimiter
                            the default is to use the input delimiter
  -z, --zero-terminated    line delimiter is NUL, not newline
      --help        display this help and exit
      --version     output version information and exit

Use one, and only one of -b, -c or -f.  Each LIST is made up of one
range, or many ranges separated by commas.  Selected input is written
in the same order that it is read, and is written exactly once.
Each range is one of:

  N     N'th byte, character or field, counted from 1
  N-    from N'th byte, character or field, to end of line
  N-M   from N'th to M'th (included) byte, character or field
  -M    from first to M'th (included) byte, character or field

GNU coreutils online help: <https://www.gnu.org/software/coreutils/>
Full documentation <https://www.gnu.org/software/coreutils/cut>
or available locally via: info '(coreutils) cut invocation'
sridhar@sridhar-VirtualBox:~/Desktop/scripts$ cut -3 Names.txt
cut: invalid option -- '3'
Try 'cut --help' for more information.
sridhar@sridhar-VirtualBox:~/Desktop/scripts$ cut -b 3 Names.txt
e
i
r
a
l
sridhar@sridhar-VirtualBox:~/Desktop/scripts$ cut -c 1 Names.txt
K
S
H
C
D
sridhar@sridhar-VirtualBox:~/Desktop/scripts$ cut -d Names.txt
cut: the delimiter must be a single character
Try 'cut --help' for more information.
sridhar@sridhar-VirtualBox:~/Desktop/scripts$ cut -d $ Names.txt
cut: you must specify a list of bytes, characters, or fields
Try 'cut --help' for more information.
sridhar@sridhar-VirtualBox:~/Desktop/scripts$ cut --deliminator=@ Names.txt
cut: unrecognized option '--deliminator=@'
Try 'cut --help' for more information.
sridhar@sridhar-VirtualBox:~/Desktop/scripts$ cut --delimiter=@ Names.txt
cut: you must specify a list of bytes, characters, or fields
Try 'cut --help' for more information.
sridhar@sridhar-VirtualBox:~/Desktop/scripts$ cut --delimiter=DEL Names.txt
cut: the delimiter must be a single character
Try 'cut --help' for more information.
sridhar@sridhar-VirtualBox:~/Desktop/scripts$ cut -d "r" -f 1 Names.txt
Kee
S
Ha
Chandu
Dileep
sridhar@sridhar-VirtualBox:~/Desktop/scripts$ cut -d "r" -f 1-2 Names.txt
Keerthi
Sridha
Harsha
Chandu
Dileep
sridhar@sridhar-VirtualBox:~/Desktop/scripts$ cut --complement -c 5 Names.txt
Keerhi
Sridar
Harsa
Chanu
Dilep
sridhar@sridhar-VirtualBox:~/Desktop/scripts$ cut -d "r" -f 1,2 Names.txt --output-delimiter='@'
Kee@thi
S@idha
Ha@sha
Chandu
Dileep
sridhar@sridhar-VirtualBox:~/Desktop/scripts$ 


