sridhar@sridhar-VirtualBox:~/Desktop/scripts$ paste --help
Usage: paste [OPTION]... [FILE]...
Write lines consisting of the sequentially corresponding lines from
each FILE, separated by TABs, to standard output.

With no FILE, or when FILE is -, read standard input.

Mandatory arguments to long options are mandatory for short options too.
  -d, --delimiters=LIST   reuse characters from LIST instead of TABs
  -s, --serial            paste one file at a time instead of in parallel
  -z, --zero-terminated    line delimiter is NUL, not newline
      --help        display this help and exit
      --version     output version information and exit

GNU coreutils online help: <https://www.gnu.org/software/coreutils/>
Full documentation <https://www.gnu.org/software/coreutils/paste>
or available locally via: info '(coreutils) paste invocation'
sridhar@sridhar-VirtualBox:~/Desktop/scripts$ paste Numbers.txt Names.txt
1	Keerthi
2	Sridhar
3	Harsha
4	Chandu
5	Dileep
6	
7	
8	
9	
10	
sridhar@sridhar-VirtualBox:~/Desktop/scripts$ paste -d "--" Number.txt Names.txt
paste: Number.txt: No such file or directory
sridhar@sridhar-VirtualBox:~/Desktop/scripts$ paste -d "--" Numbers.txt Names.txt
1-Keerthi
2-Sridhar
3-Harsha
4-Chandu
5-Dileep
6-
7-
8-
9-
10-
sridhar@sridhar-VirtualBox:~/Desktop/scripts$ paste -s Numbers.txt Names.txt
1	2	3	4	5	6	7	8	9	10
Keerthi	Sridhar	Harsha	Chandu	Dileep
sridhar@sridhar-VirtualBox:~/Desktop/scripts$ paste -z Numbers.txt Names.txt
1
2
3
4
5
6
7
8
9
10
	Keerthi
Sridhar
Harsha
Chandu
Dileep
sridhar@sridhar-VirtualBox:~/Desktop/scripts$ 


